// Jest Snapshot v1, https://goo.gl/fbAQLP

exports[`Tests for Calculator component Renders the Calculator component 1`] = `
Object {
  "asFragment": [Function],
  "baseElement": <body>
    <div>
      <div
        class="calculator"
      >
        <span
          class="display"
        >
          0
        </span>
        <button
          class="number light number-0"
          type="button"
        >
          0
        </button>
        <button
          class="number light number-1"
          type="button"
        >
          1
        </button>
        <button
          class="number light number-2"
          type="button"
        >
          2
        </button>
        <button
          class="number light number-3"
          type="button"
        >
          3
        </button>
        <button
          class="number light number-4"
          type="button"
        >
          4
        </button>
        <button
          class="number light number-5"
          type="button"
        >
          5
        </button>
        <button
          class="number light number-6"
          type="button"
        >
          6
        </button>
        <button
          class="number light number-7"
          type="button"
        >
          7
        </button>
        <button
          class="number light number-8"
          type="button"
        >
          8
        </button>
        <button
          class="number light number-9"
          type="button"
        >
          9
        </button>
        <button
          class="operator orange plus"
          type="button"
        >
          +
        </button>
        <button
          class="operator orange minus"
          type="button"
        >
          -
        </button>
        <button
          class="operator orange divide"
          type="button"
        >
          ÷
        </button>
        <button
          class="operator orange times"
          type="button"
        >
          ×
        </button>
        <button
          class="operator orange equal"
          type="button"
        >
          =
        </button>
        <button
          class="operator light modulus"
          type="button"
        >
          %
        </button>
        <button
          class="operator light plus-minus"
          type="button"
        >
          +/-
        </button>
        <button
          class="operator light dot"
          type="button"
        >
          .
        </button>
        <button
          class="operator light clear"
          type="button"
        >
          AC
        </button>
      </div>
    </div>
  </body>,
  "container": <div>
    <div
      class="calculator"
    >
      <span
        class="display"
      >
        0
      </span>
      <button
        class="number light number-0"
        type="button"
      >
        0
      </button>
      <button
        class="number light number-1"
        type="button"
      >
        1
      </button>
      <button
        class="number light number-2"
        type="button"
      >
        2
      </button>
      <button
        class="number light number-3"
        type="button"
      >
        3
      </button>
      <button
        class="number light number-4"
        type="button"
      >
        4
      </button>
      <button
        class="number light number-5"
        type="button"
      >
        5
      </button>
      <button
        class="number light number-6"
        type="button"
      >
        6
      </button>
      <button
        class="number light number-7"
        type="button"
      >
        7
      </button>
      <button
        class="number light number-8"
        type="button"
      >
        8
      </button>
      <button
        class="number light number-9"
        type="button"
      >
        9
      </button>
      <button
        class="operator orange plus"
        type="button"
      >
        +
      </button>
      <button
        class="operator orange minus"
        type="button"
      >
        -
      </button>
      <button
        class="operator orange divide"
        type="button"
      >
        ÷
      </button>
      <button
        class="operator orange times"
        type="button"
      >
        ×
      </button>
      <button
        class="operator orange equal"
        type="button"
      >
        =
      </button>
      <button
        class="operator light modulus"
        type="button"
      >
        %
      </button>
      <button
        class="operator light plus-minus"
        type="button"
      >
        +/-
      </button>
      <button
        class="operator light dot"
        type="button"
      >
        .
      </button>
      <button
        class="operator light clear"
        type="button"
      >
        AC
      </button>
    </div>
  </div>,
  "debug": [Function],
  "findAllByAltText": [Function],
  "findAllByDisplayValue": [Function],
  "findAllByLabelText": [Function],
  "findAllByPlaceholderText": [Function],
  "findAllByRole": [Function],
  "findAllByTestId": [Function],
  "findAllByText": [Function],
  "findAllByTitle": [Function],
  "findByAltText": [Function],
  "findByDisplayValue": [Function],
  "findByLabelText": [Function],
  "findByPlaceholderText": [Function],
  "findByRole": [Function],
  "findByTestId": [Function],
  "findByText": [Function],
  "findByTitle": [Function],
  "getAllByAltText": [Function],
  "getAllByDisplayValue": [Function],
  "getAllByLabelText": [Function],
  "getAllByPlaceholderText": [Function],
  "getAllByRole": [Function],
  "getAllByTestId": [Function],
  "getAllByText": [Function],
  "getAllByTitle": [Function],
  "getByAltText": [Function],
  "getByDisplayValue": [Function],
  "getByLabelText": [Function],
  "getByPlaceholderText": [Function],
  "getByRole": [Function],
  "getByTestId": [Function],
  "getByText": [Function],
  "getByTitle": [Function],
  "queryAllByAltText": [Function],
  "queryAllByDisplayValue": [Function],
  "queryAllByLabelText": [Function],
  "queryAllByPlaceholderText": [Function],
  "queryAllByRole": [Function],
  "queryAllByTestId": [Function],
  "queryAllByText": [Function],
  "queryAllByTitle": [Function],
  "queryByAltText": [Function],
  "queryByDisplayValue": [Function],
  "queryByLabelText": [Function],
  "queryByPlaceholderText": [Function],
  "queryByRole": [Function],
  "queryByTestId": [Function],
  "queryByText": [Function],
  "queryByTitle": [Function],
  "rerender": [Function],
  "unmount": [Function],
}
`;
